// Jest Snapshot v1, https://goo.gl/fbAQLP

exports[`Pruebas en componente <GifItem /> Debe hacer match con el snatshot 1`] = `
<div>
  <div
    class="card"
  >
    <img
      alt="title"
      src="https://one-punch.com/saitama.jpg"
    />
    <p>
      Saitama
    </p>
  </div>
</div>
`;
